2018-08-31 06:41:57.294 ERROR : No product license found in the datastore; please install a license to enable commercial features. error=resource does not exist: LicenseKey(default) with error: <nil>
2018-08-31 06:41:57.294 ERROR : Failed to get license from datastore; continuing without a license error=resource does not exist: LicenseKey(default) with error: <nil>
2018-08-31 06:41:57.295 WARNING : Not licensed for Prometheus. License either invalid or expired.
2018-08-31 06:41:57.295 WARNING : Not licensed for Output feature. License either invalid or expired.
2018-08-31 06:41:57.299 WARNING : Syslog Reporting is disabled - Syslog Hook could not be configured Unix syslog delivery error
2018-08-31 06:41:57.339 WARNING : Failed to add IPIP tunnel device error=exit status 1
2018-08-31 06:41:57.339 WARNING : Failed configure IPIP tunnel device, retrying... error=exit status 1
2018-08-31 06:42:54.621 WARNING : Profile not known or invalid, generating dummy profile that drops all traffic. profileID="kube-system"
2018-08-31 06:41:55.803 INFO : Early log level set to info
2018-08-31 06:41:55.803 INFO : Using HOSTNAME environment (lowercase) for node name
2018-08-31 06:41:55.803 INFO : Determined node name: master
2018-08-31 06:41:55.804 INFO : Skipping datastore connection test
2018-08-31 06:41:55.805 INFO : Building new node resource Name="master"
2018-08-31 06:41:55.805 INFO : Initialize data
2018-08-31 06:41:55.805 INFO : Using autodetected IPv4 address interface
2018-08-31 06:41:55.805 INFO : Node IPv4 changed, will check for conflicts
2018-08-31 06:41:55.806 INFO : No  number configured on node resource, using global value
2018-08-31 06:41:55.813 INFO : IPV6SUPPORT is false through environment variable
2018-08-31 06:41:55.821 INFO : Using node name: master
2018-08-31 06:42:54.621 WARNING : Profile not known or invalid, generating dummy profile that drops all traffic. profileID="kube-system"
2018-08-31 06:41:55.886 INFO : Auto-assign 1 ipv4, 0 ipv6 addrs for host 'master'
2018-08-31 06:41:55.888 INFO : Looking up existing affinities for host host="master"
2018-08-31 06:41:55.888 INFO : Ran out of existing affine blocks for host host="master"
2018-08-31 06:41:55.889 INFO : No more affine blocks, but need to allocate 1 more addresses - allocate another block host="master"
2018-08-31 06:41:55.889 INFO : Looking for an unclaimed block host="master"
2018-08-31 06:41:55.889 INFO : Found free block
2018-08-31 06:41:55.890 INFO : Found unclaimed block host=master
2018-08-31 06:42:28.620 ERROR : No product license found in the datastore; please install a license to enable commercial features. error=resource does not exist: LicenseKey(default) with error: <nil>
2018-08-31 06:41:55.890 INFO : Trying to create affinity in pending state host="master"
2018-08-31 06:41:55.891 INFO : Successfully created pending affinity for block host="master"
2018-08-31 06:41:55.891 INFO : Attempting to load block host="master"
2018-08-31 06:41:55.914 INFO : The referenced block doesn't exist, trying to create it
2018-08-31 06:41:55.915 INFO : Wrote affinity as pending host="master"
2018-08-31 06:41:55.916 INFO : Attempting to claim the block
2018-08-31 06:41:55.916 INFO : Attempting to create a new block
2018-08-31 06:41:55.917 INFO : Successfully created block
2018-08-31 06:41:55.917 INFO : Confirming affinity host="master"
2018-08-31 06:41:55.919 INFO : Successfully confirmed affinity host="master"
2018-08-31 06:41:55.919 INFO : Claimed new block 
2018-08-31 06:41:55.919 INFO : Attempting to assign 1 addresses from block
2018-08-31 06:41:55.919 INFO : Writing block in order to claim IPs
2018-08-31 06:41:55.921 INFO : Successfully claimed IPs
2018-08-31 06:41:55.921 INFO : Auto-assigned 1 out of 1 IPv4s
2018-08-31 06:41:55.923 INFO : Set IPIP tunnel address
2018-08-31 06:41:57.114 INFO : Skipping confd config file.
2018-08-31 06:41:57.114 INFO : Starting calico
2018-08-31 06:41:57.116 INFO : Start called
2018-08-31 06:43:01.086 WARNING : End of resync: local endpoints refer to missing or invalid profile, profile's rules replaced with drop rules. profileID="kube-system"
2018-08-31 06:41:57.116 INFO : Sending status update Status=wait-for-ready
2018-08-31 06:41:57.116 INFO : Starting main event processing loop
2018-08-31 06:41:57.117 INFO : Sending synced update ListRoot="master"
2018-08-31 06:41:57.118 INFO : Sending status update Status=resync
2018-08-31 06:41:57.118 INFO : Received InSync event from one of the watcher caches
2018-08-31 06:41:57.118 INFO : Sending synced update ListRoot="/"
2018-08-31 06:41:57.118 INFO : Sending synced update ListRoot="/"
2018-08-31 06:41:57.118 INFO : Sending synced update ListRoot="/"
2018-08-31 06:41:57.119 INFO : Sending synced update ListRoot="/"
2018-08-31 06:41:57.119 INFO : Received InSync event from one of the watcher caches
2018-08-31 06:41:57.119 INFO : Received InSync event from one of the watcher caches
2018-08-31 06:41:57.119 INFO : Received InSync event from one of the watcher caches
2018-08-31 06:41:57.119 INFO : Received InSync event from one of the watcher caches
2018-08-31 06:42:58.849 WARNING : shutting down reason="license config changed"
2018-08-31 06:43:00.992 WARNING : Syslog Reporting is disabled - Syslog Hook could not be configured Unix syslog delivery error
2018-08-31 06:43:01.086 WARNING : End of resync: local endpoints refer to missing or invalid profile, profile's rules replaced with drop rules. profileID="kube-system"